[INFO] Scanning for projects...
[INFO] 
[INFO] -----------------< org.example:RestAssuredAssignment2 >-----------------
[INFO] Building RestAssuredAssignment2 1.0-SNAPSHOT
[INFO]   from pom.xml
[INFO] --------------------------------[ jar ]---------------------------------
[INFO] 
[INFO] --- resources:3.3.1:resources (default-resources) @ RestAssuredAssignment2 ---
[INFO] Copying 0 resource from src\main\resources to target\classes
[INFO] 
[INFO] --- compiler:3.13.0:compile (default-compile) @ RestAssuredAssignment2 ---
[INFO] Nothing to compile - all classes are up to date.
[INFO] 
[INFO] --- resources:3.3.1:testResources (default-testResources) @ RestAssuredAssignment2 ---
[INFO] skip non existing resourceDirectory C:\Users\f3284344\OneDrive - FRG\Desktop\Ndosi Auto\Automation\RestAssuredAssignment2\src\test\resources
[INFO] 
[INFO] --- compiler:3.13.0:testCompile (default-testCompile) @ RestAssuredAssignment2 ---
[INFO] Nothing to compile - all classes are up to date.
[INFO] 
[INFO] --- surefire:3.2.5:test (default-test) @ RestAssuredAssignment2 ---
[INFO] Using auto detected provider org.apache.maven.surefire.testng.TestNGProvider
[INFO] 
[INFO] -------------------------------------------------------
[INFO]  T E S T S
[INFO] -------------------------------------------------------
[INFO] Running TestSuite
mvn.cmd : SLF4J: Failed to load class "org.slf4j.impl.StaticLoggerBinder".
At line:1 char:93
+ ... dosi Auto\Automation\RestAssuredAssignment2"; & mvn test 2>&1 | Tee-O ...
+                                                   ~~~~~~~~~~~~~~~
    + CategoryInfo          : NotSpecified: (SLF4J: Failed t...cLoggerBinder".:String) [], RemoteException
    + FullyQualifiedErrorId : NativeCommandError
 
SLF4J: Defaulting to no-operation (NOP) logger implementation
SLF4J: See http://www.slf4j.org/codes.html#StaticLoggerBinder for further details.
Request method:	POST
Request URI:	https://www.ndosiautomation.co.za/APIDEV/login
Proxy:			<none>
Request params:	<none>
Query params:	<none>
Form params:	<none>
Path params:	<none>
Headers:		Accept=*/*
				Content-Type=application/json
Cookies:		<none>
Multiparts:		<none>
Body:
{
    "email": "admin@gmail.com",
    "password": "@12345678"
}
HTTP/1.1 200 OK
Keep-Alive: timeout=5, max=100
Access-Control-Allow-Origin: *
Access-Control-Allow-Methods: GET, POST, PUT, DELETE, OPTIONS
Access-Control-Allow-Headers: Content-Type, Authorization, X-Requested-With
Access-Control-Max-Age: 3600
Cache-Control: no-store, no-cache, must-revalidate, max-age=0
Cache-Control: post-check=0,pre-check=0
Pragma: no-cache
Expires: Thu, 01 Jan 1970 00:00:00 GMT
Content-Encoding: gzip
Vary: Accept-Encoding
Date: Fri, 08 May 2026 14:11:59 GMT
Server: LiteSpeed
X-Frame-Options: DENY
X-Content-Type-Options: nosniff
X-XSS-Protection: 1; mode=block
Referrer-Policy: strict-origin-when-cross-origin
alt-svc: h3=":443"; ma=2592000, h3-29=":443"; ma=2592000, h3-Q050=":443"; ma=2592000, h3-Q046=":443"; ma=2592000, h3-Q043=":443"; ma=2592000, quic=":443"; ma=2592000; v="43,46"
Content-Length: 513
Content-Type: application/json; charset=utf-8
Via: 1.1 cft-r3wsa10.fnb.co.za:8080 (Cisco-WSA/15.2.3-007)
Connection: keep-alive

{
    "success": true,
    "message": "Login successful",
    "data": {
        "user": {
            "id": "12ae56df-b4c2-4ea5-bb7e-e33b18b7b2b9",
            "firstName": "tshfhiwag",
            "lastName": "string",
            "email": "admin@gmail.com",
            "role": "admin",
            "groupId": "5328c91e-fc40-11f0-8e00-5000e6331276",
            "groupName": "1st Group 2026",
            "approvalStatus": "approved",
            "createdAt": "2026-04-29 07:22:38",
            "updatedAt": "2026-05-08 16:11:28"
        },
        "token": "eyJ0eXAiOiJKV1QiLCJhbGciOiJIUzI1NiJ9.eyJ1c2VySWQiOiIxMmFlNTZkZi1iNGMyLTRlYTUtYmI3ZS1lMzNiMThiN2IyYjkiLCJlbWFpbCI6ImFkbWluQGdtYWlsLmNvbSIsInJvbGUiOiJhZG1pbiIsImlhdCI6MTc3ODI0OTUxOSwiZXhwIjoxNzc4MzM1OTE5fQ.HaGQBoVBCmdW2WUysq4PJkBzwXG-ClUc-zz8b-vAuoM"
    }
}
Auth Token extracted: eyJ0eXAiOiJKV1QiLCJhbGciOiJIUzI1NiJ9.eyJ1c2VySWQiOiIxMmFlNTZkZi1iNGMyLTRlYTUtYmI3ZS1lMzNiMThiN2IyYjkiLCJlbWFpbCI6ImFkbWluQGdtYWlsLmNvbSIsInJvbGUiOiJhZG1pbiIsImlhdCI6MTc3ODI0OTUxOSwiZXhwIjoxNzc4MzM1OTE5fQ.HaGQBoVBCmdW2WUysq4PJkBzwXG-ClUc-zz8b-vAuoM
Request method:	POST
Request URI:	https://www.ndosiautomation.co.za/APIDEV/testimonials
Proxy:			<none>
Request params:	<none>
Query params:	<none>
Form params:	<none>
Path params:	<none>
Headers:		Authorization=Bearer eyJ0eXAiOiJKV1QiLCJhbGciOiJIUzI1NiJ9.eyJ1c2VySWQiOiIxMmFlNTZkZi1iNGMyLTRlYTUtYmI3ZS1lMzNiMThiN2IyYjkiLCJlbWFpbCI6ImFkbWluQGdtYWlsLmNvbSIsInJvbGUiOiJhZG1pbiIsImlhdCI6MTc3ODI0OTUxOSwiZXhwIjoxNzc4MzM1OTE5fQ.HaGQBoVBCmdW2WUysq4PJkBzwXG-ClUc-zz8b-vAuoM
				Accept=*/*
				Content-Type=application/json
Cookies:		<none>
Multiparts:		<none>
Body:
{
    "title": "Ndosi Is the best",
    "content": "Ndosi content",
    "rating": 5,
    "isPublic": true
}
Request method:	POST
Request URI:	https://www.ndosiautomation.co.za/APIDEV/testimonials
Proxy:			<none>
Request params:	<none>
Query params:	<none>
Form params:	<none>
Path params:	<none>
Headers:		Authorization=Bearer eyJ0eXAiOiJKV1QiLCJhbGciOiJIUzI1NiJ9.eyJ1c2VySWQiOiIxMmFlNTZkZi1iNGMyLTRlYTUtYmI3ZS1lMzNiMThiN2IyYjkiLCJlbWFpbCI6ImFkbWluQGdtYWlsLmNvbSIsInJvbGUiOiJhZG1pbiIsImlhdCI6MTc3ODI0OTUxOSwiZXhwIjoxNzc4MzM1OTE5fQ.HaGQBoVBCmdW2WUysq4PJkBzwXG-ClUc-zz8b-vAuoM
				Accept=*/*
				Content-Type=application/json
Cookies:		<none>
Multiparts:		<none>
Body:
{
    "title": "Ndosi Is the best",
    "content": "Ndosi content",
    "rating": 5,
    "isPublic": true
}
HTTP/1.1 201 Created
Keep-Alive: timeout=5, max=100
Access-Control-Allow-Origin: *
Access-Control-Allow-Methods: GET, POST, PUT, DELETE, OPTIONS
Access-Control-Allow-Headers: Content-Type, Authorization, X-Requested-With
Access-Control-Max-Age: 3600
Cache-Control: no-store, no-cache, must-revalidate, max-age=0
Cache-Control: post-check=0,pre-check=0
Pragma: no-cache
Expires: Thu, 01 Jan 1970 00:00:00 GMT
Content-Encoding: gzip
Vary: Accept-Encoding
Date: Fri, 08 May 2026 14:12:00 GMT
Server: LiteSpeed
X-Frame-Options: DENY
X-Content-Type-Options: nosniff
X-XSS-Protection: 1; mode=block
Referrer-Policy: strict-origin-when-cross-origin
alt-svc: h3=":443"; ma=2592000, h3-29=":443"; ma=2592000, h3-Q050=":443"; ma=2592000, h3-Q046=":443"; ma=2592000, h3-Q043=":443"; ma=2592000, quic=":443"; ma=2592000; v="43,46"
Content-Length: 254
Content-Type: application/json; charset=utf-8
Via: 1.1 cft-r3wsa10.fnb.co.za:8080 (Cisco-WSA/15.2.3-007)
Connection: keep-alive

{
    "success": true,
    "message": "Testimonial created successfully",
    "data": {
        "Id": "dd5954ae-bfb1-4c16-a619-8068c958a1fa",
        "Title": "Ndosi Is the best",
        "Content": "Ndosi content",
        "Rating": 5,
        "IsPublic": 1,
        "Status": "pending",
        "CreatedAt": "2026-05-08 16:12:00",
        "FirstName": "tshfhiwag",
        "LastName": "string"
    }
}
HTTP/1.1 201 Created
Keep-Alive: timeout=5, max=100
Access-Control-Allow-Origin: *
Access-Control-Allow-Methods: GET, POST, PUT, DELETE, OPTIONS
Access-Control-Allow-Headers: Content-Type, Authorization, X-Requested-With
Access-Control-Max-Age: 3600
Cache-Control: no-store, no-cache, must-revalidate, max-age=0
Cache-Control: post-check=0,pre-check=0
Pragma: no-cache
Expires: Thu, 01 Jan 1970 00:00:00 GMT
Content-Encoding: gzip
Vary: Accept-Encoding
Date: Fri, 08 May 2026 14:12:00 GMT
Server: LiteSpeed
X-Frame-Options: DENY
X-Content-Type-Options: nosniff
X-XSS-Protection: 1; mode=block
Referrer-Policy: strict-origin-when-cross-origin
alt-svc: h3=":443"; ma=2592000, h3-29=":443"; ma=2592000, h3-Q050=":443"; ma=2592000, h3-Q046=":443"; ma=2592000, h3-Q043=":443"; ma=2592000, quic=":443"; ma=2592000; v="43,46"
Content-Length: 254
Content-Type: application/json; charset=utf-8
Via: 1.1 cft-r3wsa10.fnb.co.za:8080 (Cisco-WSA/15.2.3-007)
Connection: keep-alive

{
    "success": true,
    "message": "Testimonial created successfully",
    "data": {
        "Id": "dd5954ae-bfb1-4c16-a619-8068c958a1fa",
        "Title": "Ndosi Is the best",
        "Content": "Ndosi content",
        "Rating": 5,
        "IsPublic": 1,
        "Status": "pending",
        "CreatedAt": "2026-05-08 16:12:00",
        "FirstName": "tshfhiwag",
        "LastName": "string"
    }
}
Request method:	PUT
Request URI:	https://www.ndosiautomation.co.za/APIDEV/testimonials/0
Proxy:			<none>
Request params:	<none>
Query params:	<none>
Form params:	<none>
Path params:	<none>
Headers:		Authorization=Bearer eyJ0eXAiOiJKV1QiLCJhbGciOiJIUzI1NiJ9.eyJ1c2VySWQiOiIxMmFlNTZkZi1iNGMyLTRlYTUtYmI3ZS1lMzNiMThiN2IyYjkiLCJlbWFpbCI6ImFkbWluQGdtYWlsLmNvbSIsInJvbGUiOiJhZG1pbiIsImlhdCI6MTc3ODI0OTUxOSwiZXhwIjoxNzc4MzM1OTE5fQ.HaGQBoVBCmdW2WUysq4PJkBzwXG-ClUc-zz8b-vAuoM
				Accept=*/*
				Content-Type=application/json
Cookies:		<none>
Multiparts:		<none>
Body:
{
    "title": "Updated Phila Ndosi",
    "content": "Updated Phila Ndosi",
    "rating": 5
}
Request method:	PUT
Request URI:	https://www.ndosiautomation.co.za/APIDEV/testimonials/0
Proxy:			<none>
Request params:	<none>
Query params:	<none>
Form params:	<none>
Path params:	<none>
Headers:		Authorization=Bearer eyJ0eXAiOiJKV1QiLCJhbGciOiJIUzI1NiJ9.eyJ1c2VySWQiOiIxMmFlNTZkZi1iNGMyLTRlYTUtYmI3ZS1lMzNiMThiN2IyYjkiLCJlbWFpbCI6ImFkbWluQGdtYWlsLmNvbSIsInJvbGUiOiJhZG1pbiIsImlhdCI6MTc3ODI0OTUxOSwiZXhwIjoxNzc4MzM1OTE5fQ.HaGQBoVBCmdW2WUysq4PJkBzwXG-ClUc-zz8b-vAuoM
				Accept=*/*
				Content-Type=application/json
Cookies:		<none>
Multiparts:		<none>
Body:
{
    "title": "Updated Phila Ndosi",
    "content": "Updated Phila Ndosi",
    "rating": 5
}
Request method:	PUT
Request URI:	https://www.ndosiautomation.co.za/APIDEV/testimonials/0
Proxy:			<none>
Request params:	<none>
Query params:	<none>
Form params:	<none>
Path params:	<none>
Headers:		Authorization=Bearer eyJ0eXAiOiJKV1QiLCJhbGciOiJIUzI1NiJ9.eyJ1c2VySWQiOiIxMmFlNTZkZi1iNGMyLTRlYTUtYmI3ZS1lMzNiMThiN2IyYjkiLCJlbWFpbCI6ImFkbWluQGdtYWlsLmNvbSIsInJvbGUiOiJhZG1pbiIsImlhdCI6MTc3ODI0OTUxOSwiZXhwIjoxNzc4MzM1OTE5fQ.HaGQBoVBCmdW2WUysq4PJkBzwXG-ClUc-zz8b-vAuoM
				Accept=*/*
				Content-Type=application/json
Cookies:		<none>
Multiparts:		<none>
Body:
{
    "title": "Updated Phila Ndosi",
    "content": "Updated Phila Ndosi",
    "rating": 5
}
HTTP/1.1 404 Not Found
Keep-Alive: timeout=5, max=100
Access-Control-Allow-Origin: *
Access-Control-Allow-Methods: GET, POST, PUT, DELETE, OPTIONS
Access-Control-Allow-Headers: Content-Type, Authorization, X-Requested-With
Access-Control-Max-Age: 3600
Cache-Control: no-store, no-cache, must-revalidate, max-age=0
Cache-Control: post-check=0,pre-check=0
Pragma: no-cache
Expires: Thu, 01 Jan 1970 00:00:00 GMT
Content-Encoding: gzip
Vary: Accept-Encoding
Date: Fri, 08 May 2026 14:12:00 GMT
Server: LiteSpeed
X-Frame-Options: DENY
X-Content-Type-Options: nosniff
X-XSS-Protection: 1; mode=block
Referrer-Policy: strict-origin-when-cross-origin
alt-svc: h3=":443"; ma=2592000, h3-29=":443"; ma=2592000, h3-Q050=":443"; ma=2592000, h3-Q046=":443"; ma=2592000, h3-Q043=":443"; ma=2592000, quic=":443"; ma=2592000; v="43,46"
Content-Length: 181
Content-Type: application/json; charset=utf-8
Via: 1.1 cft-r3wsa10.fnb.co.za:8080 (Cisco-WSA/15.2.3-007)
Connection: keep-alive

{
    "success": false,
    "message": "Endpoint not found",
    "error_code": "ENDPOINT_NOT_FOUND",
    "requested_path": "/testimonials",
    "requested_method": "PUT",
    "hint": "Visit GET / for a list of all available endpoints"
}
HTTP/1.1 404 Not Found
Keep-Alive: timeout=5, max=100
Access-Control-Allow-Origin: *
Access-Control-Allow-Methods: GET, POST, PUT, DELETE, OPTIONS
Access-Control-Allow-Headers: Content-Type, Authorization, X-Requested-With
Access-Control-Max-Age: 3600
Cache-Control: no-store, no-cache, must-revalidate, max-age=0
Cache-Control: post-check=0,pre-check=0
Pragma: no-cache
Expires: Thu, 01 Jan 1970 00:00:00 GMT
Content-Encoding: gzip
Vary: Accept-Encoding
Date: Fri, 08 May 2026 14:12:00 GMT
Server: LiteSpeed
X-Frame-Options: DENY
X-Content-Type-Options: nosniff
X-XSS-Protection: 1; mode=block
Referrer-Policy: strict-origin-when-cross-origin
alt-svc: h3=":443"; ma=2592000, h3-29=":443"; ma=2592000, h3-Q050=":443"; ma=2592000, h3-Q046=":443"; ma=2592000, h3-Q043=":443"; ma=2592000, quic=":443"; ma=2592000; v="43,46"
Content-Length: 181
Content-Type: application/json; charset=utf-8
Via: 1.1 cft-r3wsa10.fnb.co.za:8080 (Cisco-WSA/15.2.3-007)
Connection: keep-alive

{
    "success": false,
    "message": "Endpoint not found",
    "error_code": "ENDPOINT_NOT_FOUND",
    "requested_path": "/testimonials",
    "requested_method": "PUT",
    "hint": "Visit GET / for a list of all available endpoints"
}
HTTP/1.1 404 Not Found
Keep-Alive: timeout=5, max=100
Access-Control-Allow-Origin: *
Access-Control-Allow-Methods: GET, POST, PUT, DELETE, OPTIONS
Access-Control-Allow-Headers: Content-Type, Authorization, X-Requested-With
Access-Control-Max-Age: 3600
Cache-Control: no-store, no-cache, must-revalidate, max-age=0
Cache-Control: post-check=0,pre-check=0
Pragma: no-cache
Expires: Thu, 01 Jan 1970 00:00:00 GMT
Content-Encoding: gzip
Vary: Accept-Encoding
Date: Fri, 08 May 2026 14:12:00 GMT
Server: LiteSpeed
X-Frame-Options: DENY
X-Content-Type-Options: nosniff
X-XSS-Protection: 1; mode=block
Referrer-Policy: strict-origin-when-cross-origin
alt-svc: h3=":443"; ma=2592000, h3-29=":443"; ma=2592000, h3-Q050=":443"; ma=2592000, h3-Q046=":443"; ma=2592000, h3-Q043=":443"; ma=2592000, quic=":443"; ma=2592000; v="43,46"
Content-Length: 181
Content-Type: application/json; charset=utf-8
Via: 1.1 cft-r3wsa10.fnb.co.za:8080 (Cisco-WSA/15.2.3-007)
Connection: keep-alive

{
    "success": false,
    "message": "Endpoint not found",
    "error_code": "ENDPOINT_NOT_FOUND",
    "requested_path": "/testimonials",
    "requested_method": "PUT",
    "hint": "Visit GET / for a list of all available endpoints"
}
Request method:	DELETE
Request URI:	https://www.ndosiautomation.co.za/APIDEV/testimonials/0
Proxy:			<none>
Request params:	<none>
Query params:	<none>
Form params:	<none>
Path params:	<none>
Headers:		Authorization=Bearer eyJ0eXAiOiJKV1QiLCJhbGciOiJIUzI1NiJ9.eyJ1c2VySWQiOiIxMmFlNTZkZi1iNGMyLTRlYTUtYmI3ZS1lMzNiMThiN2IyYjkiLCJlbWFpbCI6ImFkbWluQGdtYWlsLmNvbSIsInJvbGUiOiJhZG1pbiIsImlhdCI6MTc3ODI0OTUxOSwiZXhwIjoxNzc4MzM1OTE5fQ.HaGQBoVBCmdW2WUysq4PJkBzwXG-ClUc-zz8b-vAuoM
				Accept=*/*
				Content-Type=application/json
Cookies:		<none>
Multiparts:		<none>
Body:			<none>
Request method:	DELETE
Request URI:	https://www.ndosiautomation.co.za/APIDEV/testimonials/0
Proxy:			<none>
Request params:	<none>
Query params:	<none>
Form params:	<none>
Path params:	<none>
Headers:		Authorization=Bearer eyJ0eXAiOiJKV1QiLCJhbGciOiJIUzI1NiJ9.eyJ1c2VySWQiOiIxMmFlNTZkZi1iNGMyLTRlYTUtYmI3ZS1lMzNiMThiN2IyYjkiLCJlbWFpbCI6ImFkbWluQGdtYWlsLmNvbSIsInJvbGUiOiJhZG1pbiIsImlhdCI6MTc3ODI0OTUxOSwiZXhwIjoxNzc4MzM1OTE5fQ.HaGQBoVBCmdW2WUysq4PJkBzwXG-ClUc-zz8b-vAuoM
				Accept=*/*
				Content-Type=application/json
Cookies:		<none>
Multiparts:		<none>
Body:			<none>
Request method:	DELETE
Request URI:	https://www.ndosiautomation.co.za/APIDEV/testimonials/0
Proxy:			<none>
Request params:	<none>
Query params:	<none>
Form params:	<none>
Path params:	<none>
Headers:		Authorization=Bearer eyJ0eXAiOiJKV1QiLCJhbGciOiJIUzI1NiJ9.eyJ1c2VySWQiOiIxMmFlNTZkZi1iNGMyLTRlYTUtYmI3ZS1lMzNiMThiN2IyYjkiLCJlbWFpbCI6ImFkbWluQGdtYWlsLmNvbSIsInJvbGUiOiJhZG1pbiIsImlhdCI6MTc3ODI0OTUxOSwiZXhwIjoxNzc4MzM1OTE5fQ.HaGQBoVBCmdW2WUysq4PJkBzwXG-ClUc-zz8b-vAuoM
				Accept=*/*
				Content-Type=application/json
Cookies:		<none>
Multiparts:		<none>
Body:			<none>
Request method:	DELETE
Request URI:	https://www.ndosiautomation.co.za/APIDEV/testimonials/0
Proxy:			<none>
Request params:	<none>
Query params:	<none>
Form params:	<none>
Path params:	<none>
Headers:		Authorization=Bearer eyJ0eXAiOiJKV1QiLCJhbGciOiJIUzI1NiJ9.eyJ1c2VySWQiOiIxMmFlNTZkZi1iNGMyLTRlYTUtYmI3ZS1lMzNiMThiN2IyYjkiLCJlbWFpbCI6ImFkbWluQGdtYWlsLmNvbSIsInJvbGUiOiJhZG1pbiIsImlhdCI6MTc3ODI0OTUxOSwiZXhwIjoxNzc4MzM1OTE5fQ.HaGQBoVBCmdW2WUysq4PJkBzwXG-ClUc-zz8b-vAuoM
				Accept=*/*
				Content-Type=application/json
Cookies:		<none>
Multiparts:		<none>
Body:			<none>
HTTP/1.1 404 Not Found
Keep-Alive: timeout=5, max=100
Access-Control-Allow-Origin: *
Access-Control-Allow-Methods: GET, POST, PUT, DELETE, OPTIONS
Access-Control-Allow-Headers: Content-Type, Authorization, X-Requested-With
Access-Control-Max-Age: 3600
Cache-Control: no-store, no-cache, must-revalidate, max-age=0
Cache-Control: post-check=0,pre-check=0
Pragma: no-cache
Expires: Thu, 01 Jan 1970 00:00:00 GMT
Content-Encoding: gzip
Vary: Accept-Encoding
Date: Fri, 08 May 2026 14:12:00 GMT
Server: LiteSpeed
X-Frame-Options: DENY
X-Content-Type-Options: nosniff
X-XSS-Protection: 1; mode=block
Referrer-Policy: strict-origin-when-cross-origin
alt-svc: h3=":443"; ma=2592000, h3-29=":443"; ma=2592000, h3-Q050=":443"; ma=2592000, h3-Q046=":443"; ma=2592000, h3-Q043=":443"; ma=2592000, quic=":443"; ma=2592000; v="43,46"
Content-Length: 186
Content-Type: application/json; charset=utf-8
Via: 1.1 cft-r3wsa10.fnb.co.za:8080 (Cisco-WSA/15.2.3-007)
Connection: keep-alive

{
    "success": false,
    "message": "Endpoint not found",
    "error_code": "ENDPOINT_NOT_FOUND",
    "requested_path": "/testimonials",
    "requested_method": "DELETE",
    "hint": "Visit GET / for a list of all available endpoints"
}
HTTP/1.1 404 Not Found
Keep-Alive: timeout=5, max=100
Access-Control-Allow-Origin: *
Access-Control-Allow-Methods: GET, POST, PUT, DELETE, OPTIONS
Access-Control-Allow-Headers: Content-Type, Authorization, X-Requested-With
Access-Control-Max-Age: 3600
Cache-Control: no-store, no-cache, must-revalidate, max-age=0
Cache-Control: post-check=0,pre-check=0
Pragma: no-cache
Expires: Thu, 01 Jan 1970 00:00:00 GMT
Content-Encoding: gzip
Vary: Accept-Encoding
Date: Fri, 08 May 2026 14:12:00 GMT
Server: LiteSpeed
X-Frame-Options: DENY
X-Content-Type-Options: nosniff
X-XSS-Protection: 1; mode=block
Referrer-Policy: strict-origin-when-cross-origin
alt-svc: h3=":443"; ma=2592000, h3-29=":443"; ma=2592000, h3-Q050=":443"; ma=2592000, h3-Q046=":443"; ma=2592000, h3-Q043=":443"; ma=2592000, quic=":443"; ma=2592000; v="43,46"
Content-Length: 186
Content-Type: application/json; charset=utf-8
Via: 1.1 cft-r3wsa10.fnb.co.za:8080 (Cisco-WSA/15.2.3-007)
Connection: keep-alive

{
    "success": false,
    "message": "Endpoint not found",
    "error_code": "ENDPOINT_NOT_FOUND",
    "requested_path": "/testimonials",
    "requested_method": "DELETE",
    "hint": "Visit GET / for a list of all available endpoints"
}
HTTP/1.1 404 Not Found
Keep-Alive: timeout=5, max=100
Access-Control-Allow-Origin: *
Access-Control-Allow-Methods: GET, POST, PUT, DELETE, OPTIONS
Access-Control-Allow-Headers: Content-Type, Authorization, X-Requested-With
Access-Control-Max-Age: 3600
Cache-Control: no-store, no-cache, must-revalidate, max-age=0
Cache-Control: post-check=0,pre-check=0
Pragma: no-cache
Expires: Thu, 01 Jan 1970 00:00:00 GMT
Content-Encoding: gzip
Vary: Accept-Encoding
Date: Fri, 08 May 2026 14:12:00 GMT
Server: LiteSpeed
X-Frame-Options: DENY
X-Content-Type-Options: nosniff
X-XSS-Protection: 1; mode=block
Referrer-Policy: strict-origin-when-cross-origin
alt-svc: h3=":443"; ma=2592000, h3-29=":443"; ma=2592000, h3-Q050=":443"; ma=2592000, h3-Q046=":443"; ma=2592000, h3-Q043=":443"; ma=2592000, quic=":443"; ma=2592000; v="43,46"
Content-Length: 186
Content-Type: application/json; charset=utf-8
Via: 1.1 cft-r3wsa10.fnb.co.za:8080 (Cisco-WSA/15.2.3-007)
Connection: keep-alive

{
    "success": false,
    "message": "Endpoint not found",
    "error_code": "ENDPOINT_NOT_FOUND",
    "requested_path": "/testimonials",
    "requested_method": "DELETE",
    "hint": "Visit GET / for a list of all available endpoints"
}
HTTP/1.1 404 Not Found
Keep-Alive: timeout=5, max=100
Access-Control-Allow-Origin: *
Access-Control-Allow-Methods: GET, POST, PUT, DELETE, OPTIONS
Access-Control-Allow-Headers: Content-Type, Authorization, X-Requested-With
Access-Control-Max-Age: 3600
Cache-Control: no-store, no-cache, must-revalidate, max-age=0
Cache-Control: post-check=0,pre-check=0
Pragma: no-cache
Expires: Thu, 01 Jan 1970 00:00:00 GMT
Content-Encoding: gzip
Vary: Accept-Encoding
Date: Fri, 08 May 2026 14:12:00 GMT
Server: LiteSpeed
X-Frame-Options: DENY
X-Content-Type-Options: nosniff
X-XSS-Protection: 1; mode=block
Referrer-Policy: strict-origin-when-cross-origin
alt-svc: h3=":443"; ma=2592000, h3-29=":443"; ma=2592000, h3-Q050=":443"; ma=2592000, h3-Q046=":443"; ma=2592000, h3-Q043=":443"; ma=2592000, quic=":443"; ma=2592000; v="43,46"
Content-Length: 186
Content-Type: application/json; charset=utf-8
Via: 1.1 cft-r3wsa10.fnb.co.za:8080 (Cisco-WSA/15.2.3-007)
Connection: keep-alive

{
    "success": false,
    "message": "Endpoint not found",
    "error_code": "ENDPOINT_NOT_FOUND",
    "requested_path": "/testimonials",
    "requested_method": "DELETE",
    "hint": "Visit GET / for a list of all available endpoints"
}
Request method:	POST
Request URI:	https://www.ndosiautomation.co.za/APIDEV/testimonials
Proxy:			<none>
Request params:	<none>
Query params:	<none>
Form params:	<none>
Path params:	<none>
Headers:		Authorization=Bearer invalid_or_expired_token
				Accept=*/*
				Content-Type=application/json
Cookies:		<none>
Multiparts:		<none>
Body:
{
    "title": "Ndosi Is the best",
    "content": "Ndosi content",
    "rating": 5,
    "isPublic": true
}
Request method:	POST
Request URI:	https://www.ndosiautomation.co.za/APIDEV/testimonials
Proxy:			<none>
Request params:	<none>
Query params:	<none>
Form params:	<none>
Path params:	<none>
Headers:		Authorization=Bearer invalid_or_expired_token
				Accept=*/*
				Content-Type=application/json
Cookies:		<none>
Multiparts:		<none>
Body:
{
    "title": "Ndosi Is the best",
    "content": "Ndosi content",
    "rating": 5,
    "isPublic": true
}
Request method:	POST
Request URI:	https://www.ndosiautomation.co.za/APIDEV/testimonials
Proxy:			<none>
Request params:	<none>
Query params:	<none>
Form params:	<none>
Path params:	<none>
Headers:		Authorization=Bearer invalid_or_expired_token
				Accept=*/*
				Content-Type=application/json
Cookies:		<none>
Multiparts:		<none>
Body:
{
    "title": "Ndosi Is the best",
    "content": "Ndosi content",
    "rating": 5,
    "isPublic": true
}
Request method:	POST
Request URI:	https://www.ndosiautomation.co.za/APIDEV/testimonials
Proxy:			<none>
Request params:	<none>
Query params:	<none>
Form params:	<none>
Path params:	<none>
Headers:		Authorization=Bearer invalid_or_expired_token
				Accept=*/*
				Content-Type=application/json
Cookies:		<none>
Multiparts:		<none>
Body:
{
    "title": "Ndosi Is the best",
    "content": "Ndosi content",
    "rating": 5,
    "isPublic": true
}
Request method:	POST
Request URI:	https://www.ndosiautomation.co.za/APIDEV/testimonials
Proxy:			<none>
Request params:	<none>
Query params:	<none>
Form params:	<none>
Path params:	<none>
Headers:		Authorization=Bearer invalid_or_expired_token
				Accept=*/*
				Content-Type=application/json
Cookies:		<none>
Multiparts:		<none>
Body:
{
    "title": "Ndosi Is the best",
    "content": "Ndosi content",
    "rating": 5,
    "isPublic": true
}
HTTP/1.1 401 Unauthorized
Keep-Alive: timeout=5, max=100
Access-Control-Allow-Origin: *
Access-Control-Allow-Methods: GET, POST, PUT, DELETE, OPTIONS
Access-Control-Allow-Headers: Content-Type, Authorization, X-Requested-With
Access-Control-Max-Age: 3600
Content-Encoding: gzip
Vary: Accept-Encoding
Date: Fri, 08 May 2026 14:12:00 GMT
Server: LiteSpeed
X-Frame-Options: DENY
X-Content-Type-Options: nosniff
X-XSS-Protection: 1; mode=block
Referrer-Policy: strict-origin-when-cross-origin
alt-svc: h3=":443"; ma=2592000, h3-29=":443"; ma=2592000, h3-Q050=":443"; ma=2592000, h3-Q046=":443"; ma=2592000, h3-Q043=":443"; ma=2592000, quic=":443"; ma=2592000; v="43,46"
Content-Length: 100
Content-Type: application/json; charset=utf-8
Via: 1.1 cft-r3wsa10.fnb.co.za:8080 (Cisco-WSA/15.2.3-007)
Connection: keep-alive

{
    "success": false,
    "message": "Invalid or expired token",
    "error_code": "INVALID_TOKEN"
}
HTTP/1.1 401 Unauthorized
Keep-Alive: timeout=5, max=100
Access-Control-Allow-Origin: *
Access-Control-Allow-Methods: GET, POST, PUT, DELETE, OPTIONS
Access-Control-Allow-Headers: Content-Type, Authorization, X-Requested-With
Access-Control-Max-Age: 3600
Content-Encoding: gzip
Vary: Accept-Encoding
Date: Fri, 08 May 2026 14:12:00 GMT
Server: LiteSpeed
X-Frame-Options: DENY
X-Content-Type-Options: nosniff
X-XSS-Protection: 1; mode=block
Referrer-Policy: strict-origin-when-cross-origin
alt-svc: h3=":443"; ma=2592000, h3-29=":443"; ma=2592000, h3-Q050=":443"; ma=2592000, h3-Q046=":443"; ma=2592000, h3-Q043=":443"; ma=2592000, quic=":443"; ma=2592000; v="43,46"
Content-Length: 100
Content-Type: application/json; charset=utf-8
Via: 1.1 cft-r3wsa10.fnb.co.za:8080 (Cisco-WSA/15.2.3-007)
Connection: keep-alive

{
    "success": false,
    "message": "Invalid or expired token",
    "error_code": "INVALID_TOKEN"
}
HTTP/1.1 401 Unauthorized
Keep-Alive: timeout=5, max=100
Access-Control-Allow-Origin: *
Access-Control-Allow-Methods: GET, POST, PUT, DELETE, OPTIONS
Access-Control-Allow-Headers: Content-Type, Authorization, X-Requested-With
Access-Control-Max-Age: 3600
Content-Encoding: gzip
Vary: Accept-Encoding
Date: Fri, 08 May 2026 14:12:00 GMT
Server: LiteSpeed
X-Frame-Options: DENY
X-Content-Type-Options: nosniff
X-XSS-Protection: 1; mode=block
Referrer-Policy: strict-origin-when-cross-origin
alt-svc: h3=":443"; ma=2592000, h3-29=":443"; ma=2592000, h3-Q050=":443"; ma=2592000, h3-Q046=":443"; ma=2592000, h3-Q043=":443"; ma=2592000, quic=":443"; ma=2592000; v="43,46"
Content-Length: 100
Content-Type: application/json; charset=utf-8
Via: 1.1 cft-r3wsa10.fnb.co.za:8080 (Cisco-WSA/15.2.3-007)
Connection: keep-alive

{
    "success": false,
    "message": "Invalid or expired token",
    "error_code": "INVALID_TOKEN"
}
HTTP/1.1 401 Unauthorized
Keep-Alive: timeout=5, max=100
Access-Control-Allow-Origin: *
Access-Control-Allow-Methods: GET, POST, PUT, DELETE, OPTIONS
Access-Control-Allow-Headers: Content-Type, Authorization, X-Requested-With
Access-Control-Max-Age: 3600
Content-Encoding: gzip
Vary: Accept-Encoding
Date: Fri, 08 May 2026 14:12:00 GMT
Server: LiteSpeed
X-Frame-Options: DENY
X-Content-Type-Options: nosniff
X-XSS-Protection: 1; mode=block
Referrer-Policy: strict-origin-when-cross-origin
alt-svc: h3=":443"; ma=2592000, h3-29=":443"; ma=2592000, h3-Q050=":443"; ma=2592000, h3-Q046=":443"; ma=2592000, h3-Q043=":443"; ma=2592000, quic=":443"; ma=2592000; v="43,46"
Content-Length: 100
Content-Type: application/json; charset=utf-8
Via: 1.1 cft-r3wsa10.fnb.co.za:8080 (Cisco-WSA/15.2.3-007)
Connection: keep-alive

{
    "success": false,
    "message": "Invalid or expired token",
    "error_code": "INVALID_TOKEN"
}
HTTP/1.1 401 Unauthorized
Keep-Alive: timeout=5, max=100
Access-Control-Allow-Origin: *
Access-Control-Allow-Methods: GET, POST, PUT, DELETE, OPTIONS
Access-Control-Allow-Headers: Content-Type, Authorization, X-Requested-With
Access-Control-Max-Age: 3600
Content-Encoding: gzip
Vary: Accept-Encoding
Date: Fri, 08 May 2026 14:12:00 GMT
Server: LiteSpeed
X-Frame-Options: DENY
X-Content-Type-Options: nosniff
X-XSS-Protection: 1; mode=block
Referrer-Policy: strict-origin-when-cross-origin
alt-svc: h3=":443"; ma=2592000, h3-29=":443"; ma=2592000, h3-Q050=":443"; ma=2592000, h3-Q046=":443"; ma=2592000, h3-Q043=":443"; ma=2592000, quic=":443"; ma=2592000; v="43,46"
Content-Length: 100
Content-Type: application/json; charset=utf-8
Via: 1.1 cft-r3wsa10.fnb.co.za:8080 (Cisco-WSA/15.2.3-007)
Connection: keep-alive

{
    "success": false,
    "message": "Invalid or expired token",
    "error_code": "INVALID_TOKEN"
}
Negative test passed: Invalid token correctly rejected with 401.
Request method:	PUT
Request URI:	https://www.ndosiautomation.co.za/APIDEV/testimonials/setting%20dummy%20id
Proxy:			<none>
Request params:	<none>
Query params:	<none>
Form params:	<none>
Path params:	<none>
Headers:		Authorization=Bearer eyJ0eXAiOiJKV1QiLCJhbGciOiJIUzI1NiJ9.eyJ1c2VySWQiOiIxMmFlNTZkZi1iNGMyLTRlYTUtYmI3ZS1lMzNiMThiN2IyYjkiLCJlbWFpbCI6ImFkbWluQGdtYWlsLmNvbSIsInJvbGUiOiJhZG1pbiIsImlhdCI6MTc3ODI0OTUxOSwiZXhwIjoxNzc4MzM1OTE5fQ.HaGQBoVBCmdW2WUysq4PJkBzwXG-ClUc-zz8b-vAuoM
				Accept=*/*
				Content-Type=application/json
Cookies:		<none>
Multiparts:		<none>
Body:
{
    "title": "Updated Phila Ndosi",
    "content": "Updated Phila Ndosi",
    "rating": 5
}
Request method:	PUT
Request URI:	https://www.ndosiautomation.co.za/APIDEV/testimonials/setting%20dummy%20id
Proxy:			<none>
Request params:	<none>
Query params:	<none>
Form params:	<none>
Path params:	<none>
Headers:		Authorization=Bearer eyJ0eXAiOiJKV1QiLCJhbGciOiJIUzI1NiJ9.eyJ1c2VySWQiOiIxMmFlNTZkZi1iNGMyLTRlYTUtYmI3ZS1lMzNiMThiN2IyYjkiLCJlbWFpbCI6ImFkbWluQGdtYWlsLmNvbSIsInJvbGUiOiJhZG1pbiIsImlhdCI6MTc3ODI0OTUxOSwiZXhwIjoxNzc4MzM1OTE5fQ.HaGQBoVBCmdW2WUysq4PJkBzwXG-ClUc-zz8b-vAuoM
				Accept=*/*
				Content-Type=application/json
Cookies:		<none>
Multiparts:		<none>
Body:
{
    "title": "Updated Phila Ndosi",
    "content": "Updated Phila Ndosi",
    "rating": 5
}
Request method:	PUT
Request URI:	https://www.ndosiautomation.co.za/APIDEV/testimonials/setting%20dummy%20id
Proxy:			<none>
Request params:	<none>
Query params:	<none>
Form params:	<none>
Path params:	<none>
Headers:		Authorization=Bearer eyJ0eXAiOiJKV1QiLCJhbGciOiJIUzI1NiJ9.eyJ1c2VySWQiOiIxMmFlNTZkZi1iNGMyLTRlYTUtYmI3ZS1lMzNiMThiN2IyYjkiLCJlbWFpbCI6ImFkbWluQGdtYWlsLmNvbSIsInJvbGUiOiJhZG1pbiIsImlhdCI6MTc3ODI0OTUxOSwiZXhwIjoxNzc4MzM1OTE5fQ.HaGQBoVBCmdW2WUysq4PJkBzwXG-ClUc-zz8b-vAuoM
				Accept=*/*
				Content-Type=application/json
Cookies:		<none>
Multiparts:		<none>
Body:
{
    "title": "Updated Phila Ndosi",
    "content": "Updated Phila Ndosi",
    "rating": 5
}
Request method:	PUT
Request URI:	https://www.ndosiautomation.co.za/APIDEV/testimonials/setting%20dummy%20id
Proxy:			<none>
Request params:	<none>
Query params:	<none>
Form params:	<none>
Path params:	<none>
Headers:		Authorization=Bearer eyJ0eXAiOiJKV1QiLCJhbGciOiJIUzI1NiJ9.eyJ1c2VySWQiOiIxMmFlNTZkZi1iNGMyLTRlYTUtYmI3ZS1lMzNiMThiN2IyYjkiLCJlbWFpbCI6ImFkbWluQGdtYWlsLmNvbSIsInJvbGUiOiJhZG1pbiIsImlhdCI6MTc3ODI0OTUxOSwiZXhwIjoxNzc4MzM1OTE5fQ.HaGQBoVBCmdW2WUysq4PJkBzwXG-ClUc-zz8b-vAuoM
				Accept=*/*
				Content-Type=application/json
Cookies:		<none>
Multiparts:		<none>
Body:
{
    "title": "Updated Phila Ndosi",
    "content": "Updated Phila Ndosi",
    "rating": 5
}
Request method:	PUT
Request URI:	https://www.ndosiautomation.co.za/APIDEV/testimonials/setting%20dummy%20id
Proxy:			<none>
Request params:	<none>
Query params:	<none>
Form params:	<none>
Path params:	<none>
Headers:		Authorization=Bearer eyJ0eXAiOiJKV1QiLCJhbGciOiJIUzI1NiJ9.eyJ1c2VySWQiOiIxMmFlNTZkZi1iNGMyLTRlYTUtYmI3ZS1lMzNiMThiN2IyYjkiLCJlbWFpbCI6ImFkbWluQGdtYWlsLmNvbSIsInJvbGUiOiJhZG1pbiIsImlhdCI6MTc3ODI0OTUxOSwiZXhwIjoxNzc4MzM1OTE5fQ.HaGQBoVBCmdW2WUysq4PJkBzwXG-ClUc-zz8b-vAuoM
				Accept=*/*
				Content-Type=application/json
Cookies:		<none>
Multiparts:		<none>
Body:
{
    "title": "Updated Phila Ndosi",
    "content": "Updated Phila Ndosi",
    "rating": 5
}
HTTP/1.1 200 OK
Keep-Alive: timeout=5, max=100
Access-Control-Allow-Origin: *
Access-Control-Allow-Methods: GET, POST, PUT, DELETE, OPTIONS
Access-Control-Allow-Headers: Content-Type, Authorization, X-Requested-With
Access-Control-Max-Age: 3600
Cache-Control: no-store, no-cache, must-revalidate, max-age=0
Cache-Control: post-check=0,pre-check=0
Pragma: no-cache
Expires: Thu, 01 Jan 1970 00:00:00 GMT
Content-Encoding: gzip
Vary: Accept-Encoding
Date: Fri, 08 May 2026 14:12:00 GMT
Server: LiteSpeed
X-Frame-Options: DENY
X-Content-Type-Options: nosniff
X-XSS-Protection: 1; mode=block
Referrer-Policy: strict-origin-when-cross-origin
alt-svc: h3=":443"; ma=2592000, h3-29=":443"; ma=2592000, h3-Q050=":443"; ma=2592000, h3-Q046=":443"; ma=2592000, h3-Q043=":443"; ma=2592000, quic=":443"; ma=2592000; v="43,46"
Content-Length: 113
Content-Type: application/json; charset=utf-8
Via: 1.1 cft-r3wsa10.fnb.co.za:8080 (Cisco-WSA/15.2.3-007)
Connection: keep-alive

{
    "success": false,
    "message": "Testimonial not found",
    "error_code": "TESTIMONIAL_NOT_FOUND"
}
HTTP/1.1 200 OK
Keep-Alive: timeout=5, max=100
Access-Control-Allow-Origin: *
Access-Control-Allow-Methods: GET, POST, PUT, DELETE, OPTIONS
Access-Control-Allow-Headers: Content-Type, Authorization, X-Requested-With
Access-Control-Max-Age: 3600
Cache-Control: no-store, no-cache, must-revalidate, max-age=0
Cache-Control: post-check=0,pre-check=0
Pragma: no-cache
Expires: Thu, 01 Jan 1970 00:00:00 GMT
Content-Encoding: gzip
Vary: Accept-Encoding
Date: Fri, 08 May 2026 14:12:00 GMT
Server: LiteSpeed
X-Frame-Options: DENY
X-Content-Type-Options: nosniff
X-XSS-Protection: 1; mode=block
Referrer-Policy: strict-origin-when-cross-origin
alt-svc: h3=":443"; ma=2592000, h3-29=":443"; ma=2592000, h3-Q050=":443"; ma=2592000, h3-Q046=":443"; ma=2592000, h3-Q043=":443"; ma=2592000, quic=":443"; ma=2592000; v="43,46"
Content-Length: 113
Content-Type: application/json; charset=utf-8
Via: 1.1 cft-r3wsa10.fnb.co.za:8080 (Cisco-WSA/15.2.3-007)
Connection: keep-alive

{
    "success": false,
    "message": "Testimonial not found",
    "error_code": "TESTIMONIAL_NOT_FOUND"
}
HTTP/1.1 200 OK
Keep-Alive: timeout=5, max=100
Access-Control-Allow-Origin: *
Access-Control-Allow-Methods: GET, POST, PUT, DELETE, OPTIONS
Access-Control-Allow-Headers: Content-Type, Authorization, X-Requested-With
Access-Control-Max-Age: 3600
Cache-Control: no-store, no-cache, must-revalidate, max-age=0
Cache-Control: post-check=0,pre-check=0
Pragma: no-cache
Expires: Thu, 01 Jan 1970 00:00:00 GMT
Content-Encoding: gzip
Vary: Accept-Encoding
Date: Fri, 08 May 2026 14:12:00 GMT
Server: LiteSpeed
X-Frame-Options: DENY
X-Content-Type-Options: nosniff
X-XSS-Protection: 1; mode=block
Referrer-Policy: strict-origin-when-cross-origin
alt-svc: h3=":443"; ma=2592000, h3-29=":443"; ma=2592000, h3-Q050=":443"; ma=2592000, h3-Q046=":443"; ma=2592000, h3-Q043=":443"; ma=2592000, quic=":443"; ma=2592000; v="43,46"
Content-Length: 113
Content-Type: application/json; charset=utf-8
Via: 1.1 cft-r3wsa10.fnb.co.za:8080 (Cisco-WSA/15.2.3-007)
Connection: keep-alive

{
    "success": false,
    "message": "Testimonial not found",
    "error_code": "TESTIMONIAL_NOT_FOUND"
}
HTTP/1.1 200 OK
Keep-Alive: timeout=5, max=100
Access-Control-Allow-Origin: *
Access-Control-Allow-Methods: GET, POST, PUT, DELETE, OPTIONS
Access-Control-Allow-Headers: Content-Type, Authorization, X-Requested-With
Access-Control-Max-Age: 3600
Cache-Control: no-store, no-cache, must-revalidate, max-age=0
Cache-Control: post-check=0,pre-check=0
Pragma: no-cache
Expires: Thu, 01 Jan 1970 00:00:00 GMT
Content-Encoding: gzip
Vary: Accept-Encoding
Date: Fri, 08 May 2026 14:12:00 GMT
Server: LiteSpeed
X-Frame-Options: DENY
X-Content-Type-Options: nosniff
X-XSS-Protection: 1; mode=block
Referrer-Policy: strict-origin-when-cross-origin
alt-svc: h3=":443"; ma=2592000, h3-29=":443"; ma=2592000, h3-Q050=":443"; ma=2592000, h3-Q046=":443"; ma=2592000, h3-Q043=":443"; ma=2592000, quic=":443"; ma=2592000; v="43,46"
Content-Length: 113
Content-Type: application/json; charset=utf-8
Via: 1.1 cft-r3wsa10.fnb.co.za:8080 (Cisco-WSA/15.2.3-007)
Connection: keep-alive

{
    "success": false,
    "message": "Testimonial not found",
    "error_code": "TESTIMONIAL_NOT_FOUND"
}
HTTP/1.1 200 OK
Keep-Alive: timeout=5, max=100
Access-Control-Allow-Origin: *
Access-Control-Allow-Methods: GET, POST, PUT, DELETE, OPTIONS
Access-Control-Allow-Headers: Content-Type, Authorization, X-Requested-With
Access-Control-Max-Age: 3600
Cache-Control: no-store, no-cache, must-revalidate, max-age=0
Cache-Control: post-check=0,pre-check=0
Pragma: no-cache
Expires: Thu, 01 Jan 1970 00:00:00 GMT
Content-Encoding: gzip
Vary: Accept-Encoding
Date: Fri, 08 May 2026 14:12:00 GMT
Server: LiteSpeed
X-Frame-Options: DENY
X-Content-Type-Options: nosniff
X-XSS-Protection: 1; mode=block
Referrer-Policy: strict-origin-when-cross-origin
alt-svc: h3=":443"; ma=2592000, h3-29=":443"; ma=2592000, h3-Q050=":443"; ma=2592000, h3-Q046=":443"; ma=2592000, h3-Q043=":443"; ma=2592000, quic=":443"; ma=2592000; v="43,46"
Content-Length: 113
Content-Type: application/json; charset=utf-8
Via: 1.1 cft-r3wsa10.fnb.co.za:8080 (Cisco-WSA/15.2.3-007)
Connection: keep-alive

{
    "success": false,
    "message": "Testimonial not found",
    "error_code": "TESTIMONIAL_NOT_FOUND"
}
[ERROR] Tests run: 6, Failures: 4, Errors: 0, Skipped: 0, Time elapsed: 4.397 s <<< FAILURE! -- in TestSuite
[ERROR] org.example.tests.CreateTestimonialTest.testCreateTestimonial -- Time elapsed: 0.275 s <<< FAILURE!
java.lang.NumberFormatException: For input string: "dd5954ae-bfb1-4c16-a619-8068c958a1fa"
	at java.base/java.lang.NumberFormatException.forInputString(NumberFormatException.java:67)
	at java.base/java.lang.Integer.parseInt(Integer.java:668)
	at java.base/java.lang.Integer.parseInt(Integer.java:786)
	at java_lang_Integer$parseInt.call(Unknown Source)
	at org.codehaus.groovy.runtime.callsite.CallSiteArray.defaultCall(CallSiteArray.java:45)
	at org.codehaus.groovy.runtime.callsite.AbstractCallSite.call(AbstractCallSite.java:125)
	at org.codehaus.groovy.runtime.callsite.AbstractCallSite.call(AbstractCallSite.java:139)
	at io.restassured.internal.common.path.ObjectConverter.convertObjectTo(ObjectConverter.groovy:29)
	at io.restassured.path.json.JsonPath.getInt(JsonPath.java:245)
	at org.example.tests.CreateTestimonialTest.testCreateTestimonial(CreateTestimonialTest.java:62)
	at java.base/jdk.internal.reflect.NativeMethodAccessorImpl.invoke0(Native Method)
	at java.base/jdk.internal.reflect.NativeMethodAccessorImpl.invoke(NativeMethodAccessorImpl.java:77)
	at java.base/jdk.internal.reflect.DelegatingMethodAccessorImpl.invoke(DelegatingMethodAccessorImpl.java:43)
	at java.base/java.lang.reflect.Method.invoke(Method.java:568)
	at org.testng.internal.invokers.MethodInvocationHelper.invokeMethod(MethodInvocationHelper.java:139)
	at org.testng.internal.invokers.TestInvoker.invokeMethod(TestInvoker.java:664)
	at org.testng.internal.invokers.TestInvoker.invokeTestMethod(TestInvoker.java:227)
	at org.testng.internal.invokers.MethodRunner.runInSequence(MethodRunner.java:50)
	at org.testng.internal.invokers.TestInvoker$MethodInvocationAgent.invoke(TestInvoker.java:957)
	at org.testng.internal.invokers.TestInvoker.invokeTestMethods(TestInvoker.java:200)
	at org.testng.internal.invokers.TestMethodWorker.invokeTestMethods(TestMethodWorker.java:148)
	at org.testng.internal.invokers.TestMethodWorker.run(TestMethodWorker.java:128)
	at java.base/java.util.ArrayList.forEach(ArrayList.java:1511)
	at org.testng.TestRunner.privateRun(TestRunner.java:848)
	at org.testng.TestRunner.run(TestRunner.java:621)
	at org.testng.SuiteRunner.runTest(SuiteRunner.java:443)
	at org.testng.SuiteRunner.runSequentially(SuiteRunner.java:437)
	at org.testng.SuiteRunner.privateRun(SuiteRunner.java:397)
	at org.testng.SuiteRunner.run(SuiteRunner.java:336)
	at org.testng.SuiteRunnerWorker.runSuite(SuiteRunnerWorker.java:52)
	at org.testng.SuiteRunnerWorker.run(SuiteRunnerWorker.java:95)
	at org.testng.TestNG.runSuitesSequentially(TestNG.java:1280)
	at org.testng.TestNG.runSuitesLocally(TestNG.java:1200)
	at org.testng.TestNG.runSuites(TestNG.java:1114)
	at org.testng.TestNG.run(TestNG.java:1082)
	at org.apache.maven.surefire.testng.TestNGExecutor.run(TestNGExecutor.java:308)
	at org.apache.maven.surefire.testng.TestNGXmlTestSuite.execute(TestNGXmlTestSuite.java:71)
	at org.apache.maven.surefire.testng.TestNGProvider.invoke(TestNGProvider.java:113)
	at org.apache.maven.surefire.booter.ForkedBooter.runSuitesInProcess(ForkedBooter.java:385)
	at org.apache.maven.surefire.booter.ForkedBooter.execute(ForkedBooter.java:162)
	at org.apache.maven.surefire.booter.ForkedBooter.run(ForkedBooter.java:507)
	at org.apache.maven.surefire.booter.ForkedBooter.main(ForkedBooter.java:495)

[ERROR] org.example.tests.UpdateTestimonialTest.testUpdateTestimonial -- Time elapsed: 0.240 s <<< FAILURE!
java.lang.AssertionError: 
1 expectation failed.
Expected status code <200> but was <404>.

	at java.base/jdk.internal.reflect.NativeConstructorAccessorImpl.newInstance0(Native Method)
	at java.base/jdk.internal.reflect.NativeConstructorAccessorImpl.newInstance(NativeConstructorAccessorImpl.java:77)
	at java.base/jdk.internal.reflect.DelegatingConstructorAccessorImpl.newInstance(DelegatingConstructorAccessorImpl.java:45)
	at java.base/java.lang.reflect.Constructor.newInstanceWithCaller(Constructor.java:499)
	at java.base/java.lang.reflect.Constructor.newInstance(Constructor.java:480)
	at org.codehaus.groovy.reflection.CachedConstructor.invoke(CachedConstructor.java:73)
	at org.codehaus.groovy.runtime.callsite.ConstructorSite$ConstructorSiteNoUnwrapNoCoerce.callConstructor(ConstructorSite.java:108)
	at org.codehaus.groovy.runtime.callsite.CallSiteArray.defaultCallConstructor(CallSiteArray.java:57)
	at org.codehaus.groovy.runtime.callsite.AbstractCallSite.callConstructor(AbstractCallSite.java:263)
	at org.codehaus.groovy.runtime.callsite.AbstractCallSite.callConstructor(AbstractCallSite.java:277)
	at io.restassured.internal.ResponseSpecificationImpl$HamcrestAssertionClosure.validate(ResponseSpecificationImpl.groovy:512)
	at io.restassured.internal.ResponseSpecificationImpl$HamcrestAssertionClosure$validate$1.call(Unknown Source)
	at io.restassured.internal.ResponseSpecificationImpl.validateResponseIfRequired(ResponseSpecificationImpl.groovy:696)
	at io.restassured.internal.ResponseSpecificationImpl.this$2$validateResponseIfRequired(ResponseSpecificationImpl.groovy)
	at java.base/jdk.internal.reflect.NativeMethodAccessorImpl.invoke0(Native Method)
	at java.base/jdk.internal.reflect.NativeMethodAccessorImpl.invoke(NativeMethodAccessorImpl.java:77)
	at java.base/jdk.internal.reflect.DelegatingMethodAccessorImpl.invoke(DelegatingMethodAccessorImpl.java:43)
	at java.base/java.lang.reflect.Method.invoke(Method.java:568)
	at org.codehaus.groovy.runtime.callsite.PlainObjectMetaMethodSite.doInvoke(PlainObjectMetaMethodSite.java:43)
	at org.codehaus.groovy.runtime.callsite.PogoMetaMethodSite$PogoCachedMethodSiteNoUnwrapNoCoerce.invoke(PogoMetaMethodSite.java:198)
	at org.codehaus.groovy.runtime.callsite.PogoMetaMethodSite.callCurrent(PogoMetaMethodSite.java:62)
	at org.codehaus.groovy.runtime.callsite.AbstractCallSite.callCurrent(AbstractCallSite.java:185)
	at io.restassured.internal.ResponseSpecificationImpl.statusCode(ResponseSpecificationImpl.groovy:135)
	at io.restassured.specification.ResponseSpecification$statusCode$0.callCurrent(Unknown Source)
	at io.restassured.internal.ResponseSpecificationImpl.statusCode(ResponseSpecificationImpl.groovy:143)
	at io.restassured.internal.ValidatableResponseOptionsImpl.statusCode(ValidatableResponseOptionsImpl.java:89)
	at org.example.tests.UpdateTestimonialTest.testUpdateTestimonial(UpdateTestimonialTest.java:51)
	at java.base/jdk.internal.reflect.NativeMethodAccessorImpl.invoke0(Native Method)
	at java.base/jdk.internal.reflect.NativeMethodAccessorImpl.invoke(NativeMethodAccessorImpl.java:77)
	at java.base/jdk.internal.reflect.DelegatingMethodAccessorImpl.invoke(DelegatingMethodAccessorImpl.java:43)
	at java.base/java.lang.reflect.Method.invoke(Method.java:568)
	at org.testng.internal.invokers.MethodInvocationHelper.invokeMethod(MethodInvocationHelper.java:139)
	at org.testng.internal.invokers.TestInvoker.invokeMethod(TestInvoker.java:664)
	at org.testng.internal.invokers.TestInvoker.invokeTestMethod(TestInvoker.java:227)
	at org.testng.internal.invokers.MethodRunner.runInSequence(MethodRunner.java:50)
	at org.testng.internal.invokers.TestInvoker$MethodInvocationAgent.invoke(TestInvoker.java:957)
	at org.testng.internal.invokers.TestInvoker.invokeTestMethods(TestInvoker.java:200)
	at org.testng.internal.invokers.TestMethodWorker.invokeTestMethods(TestMethodWorker.java:148)
	at org.testng.internal.invokers.TestMethodWorker.run(TestMethodWorker.java:128)
	at java.base/java.util.ArrayList.forEach(ArrayList.java:1511)
	at org.testng.TestRunner.privateRun(TestRunner.java:848)
	at org.testng.TestRunner.run(TestRunner.java:621)
	at org.testng.SuiteRunner.runTest(SuiteRunner.java:443)
	at org.testng.SuiteRunner.runSequentially(SuiteRunner.java:437)
	at org.testng.SuiteRunner.privateRun(SuiteRunner.java:397)
	at org.testng.SuiteRunner.run(SuiteRunner.java:336)
	at org.testng.SuiteRunnerWorker.runSuite(SuiteRunnerWorker.java:52)
	at org.testng.SuiteRunnerWorker.run(SuiteRunnerWorker.java:95)
	at org.testng.TestNG.runSuitesSequentially(TestNG.java:1280)
	at org.testng.TestNG.runSuitesLocally(TestNG.java:1200)
	at org.testng.TestNG.runSuites(TestNG.java:1114)
	at org.testng.TestNG.run(TestNG.java:1082)
	at org.apache.maven.surefire.testng.TestNGExecutor.run(TestNGExecutor.java:308)
	at org.apache.maven.surefire.testng.TestNGXmlTestSuite.execute(TestNGXmlTestSuite.java:71)
	at org.apache.maven.surefire.testng.TestNGProvider.invoke(TestNGProvider.java:113)
	at org.apache.maven.surefire.booter.ForkedBooter.runSuitesInProcess(ForkedBooter.java:385)
	at org.apache.maven.surefire.booter.ForkedBooter.execute(ForkedBooter.java:162)
	at org.apache.maven.surefire.booter.ForkedBooter.run(ForkedBooter.java:507)
	at org.apache.maven.surefire.booter.ForkedBooter.main(ForkedBooter.java:495)

[ERROR] org.example.tests.DeleteTestimonialTest.testDeleteTestimonial -- Time elapsed: 0.138 s <<< FAILURE!
java.lang.AssertionError: 
1 expectation failed.
Expected status code <200> but was <404>.

	at java.base/jdk.internal.reflect.NativeConstructorAccessorImpl.newInstance0(Native Method)
	at java.base/jdk.internal.reflect.NativeConstructorAccessorImpl.newInstance(NativeConstructorAccessorImpl.java:77)
	at java.base/jdk.internal.reflect.DelegatingConstructorAccessorImpl.newInstance(DelegatingConstructorAccessorImpl.java:45)
	at java.base/java.lang.reflect.Constructor.newInstanceWithCaller(Constructor.java:499)
	at java.base/java.lang.reflect.Constructor.newInstance(Constructor.java:480)
	at org.codehaus.groovy.reflection.CachedConstructor.invoke(CachedConstructor.java:73)
	at org.codehaus.groovy.runtime.callsite.ConstructorSite$ConstructorSiteNoUnwrapNoCoerce.callConstructor(ConstructorSite.java:108)
	at org.codehaus.groovy.runtime.callsite.AbstractCallSite.callConstructor(AbstractCallSite.java:277)
	at io.restassured.internal.ResponseSpecificationImpl$HamcrestAssertionClosure.validate(ResponseSpecificationImpl.groovy:512)
	at io.restassured.internal.ResponseSpecificationImpl$HamcrestAssertionClosure$validate$1.call(Unknown Source)
	at io.restassured.internal.ResponseSpecificationImpl.validateResponseIfRequired(ResponseSpecificationImpl.groovy:696)
	at io.restassured.internal.ResponseSpecificationImpl.this$2$validateResponseIfRequired(ResponseSpecificationImpl.groovy)
	at java.base/jdk.internal.reflect.NativeMethodAccessorImpl.invoke0(Native Method)
	at java.base/jdk.internal.reflect.NativeMethodAccessorImpl.invoke(NativeMethodAccessorImpl.java:77)
	at java.base/jdk.internal.reflect.DelegatingMethodAccessorImpl.invoke(DelegatingMethodAccessorImpl.java:43)
	at java.base/java.lang.reflect.Method.invoke(Method.java:568)
	at org.codehaus.groovy.runtime.callsite.PlainObjectMetaMethodSite.doInvoke(PlainObjectMetaMethodSite.java:43)
	at org.codehaus.groovy.runtime.callsite.PogoMetaMethodSite$PogoCachedMethodSiteNoUnwrapNoCoerce.invoke(PogoMetaMethodSite.java:198)
	at org.codehaus.groovy.runtime.callsite.PogoMetaMethodSite.callCurrent(PogoMetaMethodSite.java:62)
	at org.codehaus.groovy.runtime.callsite.AbstractCallSite.callCurrent(AbstractCallSite.java:185)
	at io.restassured.internal.ResponseSpecificationImpl.statusCode(ResponseSpecificationImpl.groovy:135)
	at io.restassured.specification.ResponseSpecification$statusCode$0.callCurrent(Unknown Source)
	at io.restassured.internal.ResponseSpecificationImpl.statusCode(ResponseSpecificationImpl.groovy:143)
	at io.restassured.internal.ValidatableResponseOptionsImpl.statusCode(ValidatableResponseOptionsImpl.java:89)
	at org.example.tests.DeleteTestimonialTest.testDeleteTestimonial(DeleteTestimonialTest.java:43)
	at java.base/jdk.internal.reflect.NativeMethodAccessorImpl.invoke0(Native Method)
	at java.base/jdk.internal.reflect.NativeMethodAccessorImpl.invoke(NativeMethodAccessorImpl.java:77)
	at java.base/jdk.internal.reflect.DelegatingMethodAccessorImpl.invoke(DelegatingMethodAccessorImpl.java:43)
	at java.base/java.lang.reflect.Method.invoke(Method.java:568)
	at org.testng.internal.invokers.MethodInvocationHelper.invokeMethod(MethodInvocationHelper.java:139)
	at org.testng.internal.invokers.TestInvoker.invokeMethod(TestInvoker.java:664)
	at org.testng.internal.invokers.TestInvoker.invokeTestMethod(TestInvoker.java:227)
	at org.testng.internal.invokers.MethodRunner.runInSequence(MethodRunner.java:50)
	at org.testng.internal.invokers.TestInvoker$MethodInvocationAgent.invoke(TestInvoker.java:957)
	at org.testng.internal.invokers.TestInvoker.invokeTestMethods(TestInvoker.java:200)
	at org.testng.internal.invokers.TestMethodWorker.invokeTestMethods(TestMethodWorker.java:148)
	at org.testng.internal.invokers.TestMethodWorker.run(TestMethodWorker.java:128)
	at java.base/java.util.ArrayList.forEach(ArrayList.java:1511)
	at org.testng.TestRunner.privateRun(TestRunner.java:848)
	at org.testng.TestRunner.run(TestRunner.java:621)
	at org.testng.SuiteRunner.runTest(SuiteRunner.java:443)
	at org.testng.SuiteRunner.runSequentially(SuiteRunner.java:437)
	at org.testng.SuiteRunner.privateRun(SuiteRunner.java:397)
	at org.testng.SuiteRunner.run(SuiteRunner.java:336)
	at org.testng.SuiteRunnerWorker.runSuite(SuiteRunnerWorker.java:52)
	at org.testng.SuiteRunnerWorker.run(SuiteRunnerWorker.java:95)
	at org.testng.TestNG.runSuitesSequentially(TestNG.java:1280)
	at org.testng.TestNG.runSuitesLocally(TestNG.java:1200)
	at org.testng.TestNG.runSuites(TestNG.java:1114)
	at org.testng.TestNG.run(TestNG.java:1082)
	at org.apache.maven.surefire.testng.TestNGExecutor.run(TestNGExecutor.java:308)
	at org.apache.maven.surefire.testng.TestNGXmlTestSuite.execute(TestNGXmlTestSuite.java:71)
	at org.apache.maven.surefire.testng.TestNGProvider.invoke(TestNGProvider.java:113)
	at org.apache.maven.surefire.booter.ForkedBooter.runSuitesInProcess(ForkedBooter.java:385)
	at org.apache.maven.surefire.booter.ForkedBooter.execute(ForkedBooter.java:162)
	at org.apache.maven.surefire.booter.ForkedBooter.run(ForkedBooter.java:507)
	at org.apache.maven.surefire.booter.ForkedBooter.main(ForkedBooter.java:495)

[ERROR] org.example.tests.NegativeTestimonialTest.testUpdateTestimonialWithInvalidId -- Time elapsed: 0.186 s <<< FAILURE!
java.lang.AssertionError: 
1 expectation failed.
Expected status code <404> but was <200>.

	at java.base/jdk.internal.reflect.NativeConstructorAccessorImpl.newInstance0(Native Method)
	at java.base/jdk.internal.reflect.NativeConstructorAccessorImpl.newInstance(NativeConstructorAccessorImpl.java:77)
	at java.base/jdk.internal.reflect.DelegatingConstructorAccessorImpl.newInstance(DelegatingConstructorAccessorImpl.java:45)
	at java.base/java.lang.reflect.Constructor.newInstanceWithCaller(Constructor.java:499)
	at java.base/java.lang.reflect.Constructor.newInstance(Constructor.java:480)
	at org.codehaus.groovy.reflection.CachedConstructor.invoke(CachedConstructor.java:73)
	at org.codehaus.groovy.runtime.callsite.ConstructorSite$ConstructorSiteNoUnwrapNoCoerce.callConstructor(ConstructorSite.java:108)
	at org.codehaus.groovy.runtime.callsite.AbstractCallSite.callConstructor(AbstractCallSite.java:277)
	at io.restassured.internal.ResponseSpecificationImpl$HamcrestAssertionClosure.validate(ResponseSpecificationImpl.groovy:512)
	at io.restassured.internal.ResponseSpecificationImpl$HamcrestAssertionClosure$validate$1.call(Unknown Source)
	at io.restassured.internal.ResponseSpecificationImpl.validateResponseIfRequired(ResponseSpecificationImpl.groovy:696)
	at io.restassured.internal.ResponseSpecificationImpl.this$2$validateResponseIfRequired(ResponseSpecificationImpl.groovy)
	at java.base/jdk.internal.reflect.NativeMethodAccessorImpl.invoke0(Native Method)
	at java.base/jdk.internal.reflect.NativeMethodAccessorImpl.invoke(NativeMethodAccessorImpl.java:77)
	at java.base/jdk.internal.reflect.DelegatingMethodAccessorImpl.invoke(DelegatingMethodAccessorImpl.java:43)
	at java.base/java.lang.reflect.Method.invoke(Method.java:568)
	at org.codehaus.groovy.runtime.callsite.PlainObjectMetaMethodSite.doInvoke(PlainObjectMetaMethodSite.java:43)
	at org.codehaus.groovy.runtime.callsite.PogoMetaMethodSite$PogoCachedMethodSiteNoUnwrapNoCoerce.invoke(PogoMetaMethodSite.java:198)
	at org.codehaus.groovy.runtime.callsite.PogoMetaMethodSite.callCurrent(PogoMetaMethodSite.java:62)
	at org.codehaus.groovy.runtime.callsite.AbstractCallSite.callCurrent(AbstractCallSite.java:185)
	at io.restassured.internal.ResponseSpecificationImpl.statusCode(ResponseSpecificationImpl.groovy:135)
	at io.restassured.specification.ResponseSpecification$statusCode$0.callCurrent(Unknown Source)
	at io.restassured.internal.ResponseSpecificationImpl.statusCode(ResponseSpecificationImpl.groovy:143)
	at io.restassured.internal.ValidatableResponseOptionsImpl.statusCode(ValidatableResponseOptionsImpl.java:89)
	at org.example.tests.NegativeTestimonialTest.testUpdateTestimonialWithInvalidId(NegativeTestimonialTest.java:108)
	at java.base/jdk.internal.reflect.NativeMethodAccessorImpl.invoke0(Native Method)
	at java.base/jdk.internal.reflect.NativeMethodAccessorImpl.invoke(NativeMethodAccessorImpl.java:77)
	at java.base/jdk.internal.reflect.DelegatingMethodAccessorImpl.invoke(DelegatingMethodAccessorImpl.java:43)
	at java.base/java.lang.reflect.Method.invoke(Method.java:568)
	at org.testng.internal.invokers.MethodInvocationHelper.invokeMethod(MethodInvocationHelper.java:139)
	at org.testng.internal.invokers.TestInvoker.invokeMethod(TestInvoker.java:664)
	at org.testng.internal.invokers.TestInvoker.invokeTestMethod(TestInvoker.java:227)
	at org.testng.internal.invokers.MethodRunner.runInSequence(MethodRunner.java:50)
	at org.testng.internal.invokers.TestInvoker$MethodInvocationAgent.invoke(TestInvoker.java:957)
	at org.testng.internal.invokers.TestInvoker.invokeTestMethods(TestInvoker.java:200)
	at org.testng.internal.invokers.TestMethodWorker.invokeTestMethods(TestMethodWorker.java:148)
	at org.testng.internal.invokers.TestMethodWorker.run(TestMethodWorker.java:128)
	at java.base/java.util.ArrayList.forEach(ArrayList.java:1511)
	at org.testng.TestRunner.privateRun(TestRunner.java:848)
	at org.testng.TestRunner.run(TestRunner.java:621)
	at org.testng.SuiteRunner.runTest(SuiteRunner.java:443)
	at org.testng.SuiteRunner.runSequentially(SuiteRunner.java:437)
	at org.testng.SuiteRunner.privateRun(SuiteRunner.java:397)
	at org.testng.SuiteRunner.run(SuiteRunner.java:336)
	at org.testng.SuiteRunnerWorker.runSuite(SuiteRunnerWorker.java:52)
	at org.testng.SuiteRunnerWorker.run(SuiteRunnerWorker.java:95)
	at org.testng.TestNG.runSuitesSequentially(TestNG.java:1280)
	at org.testng.TestNG.runSuitesLocally(TestNG.java:1200)
	at org.testng.TestNG.runSuites(TestNG.java:1114)
	at org.testng.TestNG.run(TestNG.java:1082)
	at org.apache.maven.surefire.testng.TestNGExecutor.run(TestNGExecutor.java:308)
	at org.apache.maven.surefire.testng.TestNGXmlTestSuite.execute(TestNGXmlTestSuite.java:71)
	at org.apache.maven.surefire.testng.TestNGProvider.invoke(TestNGProvider.java:113)
	at org.apache.maven.surefire.booter.ForkedBooter.runSuitesInProcess(ForkedBooter.java:385)
	at org.apache.maven.surefire.booter.ForkedBooter.execute(ForkedBooter.java:162)
	at org.apache.maven.surefire.booter.ForkedBooter.run(ForkedBooter.java:507)
	at org.apache.maven.surefire.booter.ForkedBooter.main(ForkedBooter.java:495)

[INFO] 
[INFO] Results:
[INFO] 
[ERROR] Failures: 
[ERROR]   CreateTestimonialTest.testCreateTestimonial:62 ╗ NumberFormat For input string: "dd5954ae-bfb1-4c16-a619-8068c958a1fa"
[ERROR]   DeleteTestimonialTest.testDeleteTestimonial:43 1 expectation failed.
Expected status code <200> but was <404>.

[ERROR]   NegativeTestimonialTest.testUpdateTestimonialWithInvalidId:108 1 expectation failed.
Expected status code <404> but was <200>.

[ERROR]   UpdateTestimonialTest.testUpdateTestimonial:51 1 expectation failed.
Expected status code <200> but was <404>.

[INFO] 
[ERROR] Tests run: 6, Failures: 4, Errors: 0, Skipped: 0
[INFO] 
[INFO] ------------------------------------------------------------------------
[INFO] BUILD FAILURE
[INFO] ------------------------------------------------------------------------
[INFO] Total time:  6.944 s
[INFO] Finished at: 2026-05-08T16:12:01+02:00
[INFO] ------------------------------------------------------------------------
[ERROR] Failed to execute goal org.apache.maven.plugins:maven-surefire-plugin:3.2.5:test (default-test) on project RestAssuredAssignment2: There are test failures.
[ERROR] 
[ERROR] Please refer to C:\Users\f3284344\OneDrive - FRG\Desktop\Ndosi Auto\Automation\RestAssuredAssignment2\target\surefire-reports for the individual test results.
[ERROR] Please refer to dump files (if any exist) [date].dump, [date]-jvmRun[N].dump and [date].dumpstream.
[ERROR] -> [Help 1]
[ERROR] 
[ERROR] To see the full stack trace of the errors, re-run Maven with the -e switch.
[ERROR] Re-run Maven using the -X switch to enable full debug logging.
[ERROR] 
[ERROR] For more information about the errors and possible solutions, please read the following articles:
[ERROR] [Help 1] http://cwiki.apache.org/confluence/display/MAVEN/MojoFailureException
